[alumno@vm1:~]$ cd Documentos/laravel/marcapersonalfp/
[alumno@vm1:~/Documentos/laravel/marcapersonalfp]$ git status
En la rama imagenFamilias
Cambios no rastreados para el commit:
  (usa "git add <archivo>..." para actualizar lo que será confirmado)
  (usa "git restore <archivo>..." para descartar los cambios en el directorio de trabajo)
	modificado:     app/Http/Controllers/ProyectosController.php
	modificado:     resources/views/familiasProfesionales/show.blade.php

sin cambios agregados al commit (usa "git add" y/o "git commit -a")
[alumno@vm1:~/Documentos/laravel/marcapersonalfp]$ git add .
[alumno@vm1:~/Documentos/laravel/marcapersonalfp]$ git status
En la rama imagenFamilias
Cambios a ser confirmados:
  (usa "git restore --staged <archivo>..." para sacar del área de stage)
	modificado:     app/Http/Controllers/ProyectosController.php
	modificado:     resources/views/familiasProfesionales/show.blade.php

[alumno@vm1:~/Documentos/laravel/marcapersonalfp]$ git switch main
error: Los cambios locales de los siguientes archivos serán sobrescritos por checkout:
	resources/views/familiasProfesionales/show.blade.php
Por favor realiza un commit con los cambios o un stash antes de cambiar ramas.
Abortando
[alumno@vm1:~/Documentos/laravel/marcapersonalfp]$ git restore
fatal: debes especificar path(s) para restaurar
[alumno@vm1:~/Documentos/laravel/marcapersonalfp]$ git restore 
app/                   database/              .gitignore             postcss.config.js      tailwind.config.js
artisan                .editorconfig          node_modules/          public/                tests/
bootstrap/             .env                   package.json           README.md              vendor/
composer.json          .env.example           package-lock.json      resources/             vite.config.js
composer.lock          .git/                  .phpunit.result.cache  routes/                .vscode/
config/                .gitattributes         phpunit.xml            storage/               
[alumno@vm1:~/Documentos/laravel/marcapersonalfp]$ git restore .
[alumno@vm1:~/Documentos/laravel/marcapersonalfp]$ git statys
git: 'statys'no es un comando de git. Mira 'git --help'.

El comando más similar es
	status
[alumno@vm1:~/Documentos/laravel/marcapersonalfp]$ git status
En la rama imagenFamilias
Cambios a ser confirmados:
  (usa "git restore --staged <archivo>..." para sacar del área de stage)
	modificado:     app/Http/Controllers/ProyectosController.php
	modificado:     resources/views/familiasProfesionales/show.blade.php

[alumno@vm1:~/Documentos/laravel/marcapersonalfp]$ git commit -m "revisar"
[imagenFamilias c74f3be] revisar
 2 files changed, 3 insertions(+), 2 deletions(-)
[alumno@vm1:~/Documentos/laravel/marcapersonalfp]$ git switch main
Cambiado a rama 'main'
Tu rama está adelantada a 'origin/main' por 1 commit.
  (usa "git push" para publicar tus commits locales)
[alumno@vm1:~/Documentos/laravel/marcapersonalfp]$ git status
En la rama main
Tu rama está adelantada a 'origin/main' por 1 commit.
  (usa "git push" para publicar tus commits locales)

nada para hacer commit, el árbol de trabajo está limpio
[alumno@vm1:~/Documentos/laravel/marcapersonalfp]$ git switch -C phpCrudApi
Cambiado a nueva rama 'phpCrudApi'
[alumno@vm1:~/Documentos/laravel/marcapersonalfp]$ composer require symfony/psr-http-message-bridge
./composer.json has been updated
Running composer update symfony/psr-http-message-bridge
Loading composer repositories with package information
Updating dependencies
Lock file operations: 1 install, 0 updates, 0 removals
  - Locking symfony/psr-http-message-bridge (v8.0.0)
Writing lock file
Installing dependencies from lock file (including require-dev)
Package operations: 1 install, 0 updates, 0 removals
  - Downloading symfony/psr-http-message-bridge (v8.0.0)
  - Installing symfony/psr-http-message-bridge (v8.0.0): Extracting archive
Generating optimized autoload files
> Illuminate\Foundation\ComposerScripts::postAutoloadDump
> @php artisan package:discover --ansi

   INFO  Discovering packages.  

  laravel/breeze ............................................................................................................ DONE
  laravel/pail .............................................................................................................. DONE
  laravel/sail .............................................................................................................. DONE
  laravel/tinker ............................................................................................................ DONE
  nesbot/carbon ............................................................................................................. DONE
  nunomaduro/collision ...................................................................................................... DONE
  nunomaduro/termwind ....................................................................................................... DONE

82 packages you are using are looking for funding.
Use the `composer fund` command to find out more!
> @php artisan vendor:publish --tag=laravel-assets --ansi --force

   INFO  No publishable resources for tag [laravel-assets].  

No security vulnerability advisories found.
Using version ^8.0 for symfony/psr-http-message-bridge
[alumno@vm1:~/Documentos/laravel/marcapersonalfp]$ composer require laminas/laminas-diactoros
./composer.json has been updated
Running composer update laminas/laminas-diactoros
Loading composer repositories with package information
Updating dependencies
Lock file operations: 1 install, 0 updates, 0 removals
  - Locking laminas/laminas-diactoros (3.8.0)
Writing lock file
Installing dependencies from lock file (including require-dev)
Package operations: 1 install, 0 updates, 0 removals
  - Downloading laminas/laminas-diactoros (3.8.0)
  - Installing laminas/laminas-diactoros (3.8.0): Extracting archive
Generating optimized autoload files
> Illuminate\Foundation\ComposerScripts::postAutoloadDump
> @php artisan package:discover --ansi

   INFO  Discovering packages.  

  laravel/breeze ............................................................................................................ DONE
  laravel/pail .............................................................................................................. DONE
  laravel/sail .............................................................................................................. DONE
  laravel/tinker ............................................................................................................ DONE
  nesbot/carbon ............................................................................................................. DONE
  nunomaduro/collision ...................................................................................................... DONE
  nunomaduro/termwind ....................................................................................................... DONE

83 packages you are using are looking for funding.
Use the `composer fund` command to find out more!
> @php artisan vendor:publish --tag=laravel-assets --ansi --force

   INFO  No publishable resources for tag [laravel-assets].  

No security vulnerability advisories found.
Using version ^3.8 for laminas/laminas-diactoros
[alumno@vm1:~/Documentos/laravel/marcapersonalfp]$ composer require mevdschee/php-crud-api
./composer.json has been updated
Running composer update mevdschee/php-crud-api
Loading composer repositories with package information
Updating dependencies
Lock file operations: 5 installs, 0 updates, 0 removals
  - Locking mevdschee/php-crud-api (v2.14.30)
  - Locking nyholm/psr7 (1.8.2)
  - Locking nyholm/psr7-server (1.1.0)
  - Locking psr/http-server-handler (1.0.2)
  - Locking psr/http-server-middleware (1.0.2)
Writing lock file
Installing dependencies from lock file (including require-dev)
Package operations: 5 installs, 0 updates, 0 removals
  - Downloading psr/http-server-handler (1.0.2)
  - Downloading psr/http-server-middleware (1.0.2)
  - Downloading nyholm/psr7-server (1.1.0)
  - Downloading nyholm/psr7 (1.8.2)
  - Downloading mevdschee/php-crud-api (v2.14.30)
  - Installing psr/http-server-handler (1.0.2): Extracting archive
  - Installing psr/http-server-middleware (1.0.2): Extracting archive
  - Installing nyholm/psr7-server (1.1.0): Extracting archive
  - Installing nyholm/psr7 (1.8.2): Extracting archive
  - Installing mevdschee/php-crud-api (v2.14.30): Extracting archive
3 package suggestions were added by new dependencies, use `composer suggest` to see details.
Generating optimized autoload files
> Illuminate\Foundation\ComposerScripts::postAutoloadDump
> @php artisan package:discover --ansi

   INFO  Discovering packages.  

  laravel/breeze ............................................................................................................ DONE
  laravel/pail .............................................................................................................. DONE
  laravel/sail .............................................................................................................. DONE
  laravel/tinker ............................................................................................................ DONE
  nesbot/carbon ............................................................................................................. DONE
  nunomaduro/collision ...................................................................................................... DONE
  nunomaduro/termwind ....................................................................................................... DONE

85 packages you are using are looking for funding.
Use the `composer fund` command to find out more!
> @php artisan vendor:publish --tag=laravel-assets --ansi --force

   INFO  No publishable resources for tag [laravel-assets].  

No security vulnerability advisories found.
Using version ^2.14 for mevdschee/php-crud-api
[alumno@vm1:~/Documentos/laravel/marcapersonalfp]$ git diff composer.json
diff --git a/composer.json b/composer.json
index da9c932..f205856 100644
--- a/composer.json
+++ b/composer.json
@@ -7,8 +7,11 @@
     "license": "MIT",
     "require": {
         "php": "^8.2",
+        "laminas/laminas-diactoros": "^3.8",
         "laravel/framework": "^12.0",
-        "laravel/tinker": "^2.10.1"
+        "laravel/tinker": "^2.10.1",
+        "mevdschee/php-crud-api": "^2.14",
+        "symfony/psr-http-message-bridge": "^8.0"
     },
     "require-dev": {
         "fakerphp/faker": "^1.23",
Tiene correo nuevo en /var/mail/alumno
[alumno@vm1:~/Documentos/laravel/marcapersonalfp]$ git add .
[alumno@vm1:~/Documentos/laravel/marcapersonalfp]$ git commit -m "Librerias PHP-CRUD-API instaladas"
[phpCrudApi 7ef3141] Librerias PHP-CRUD-API instaladas
 2 files changed, 514 insertions(+), 2 deletions(-)
[alumno@vm1:~/Documentos/laravel/marcapersonalfp]$ git switch main
Cambiado a rama 'main'
Tu rama está adelantada a 'origin/main' por 1 commit.
  (usa "git push" para publicar tus commits locales)
[alumno@vm1:~/Documentos/laravel/marcapersonalfp]$ git switch -C breezeAPI
Cambiado a nueva rama 'breezeAPI'
[alumno@vm1:~/Documentos/laravel/marcapersonalfp]$ php artisan breeze:install api
./composer.json has been updated
Running composer update laravel/sanctum
Loading composer repositories with package information
Updating dependencies
Lock file operations: 1 install, 0 updates, 0 removals
  - Locking laravel/sanctum (v4.2.2)
Writing lock file
Installing dependencies from lock file (including require-dev)
Package operations: 1 install, 0 updates, 7 removals
  - Downloading laravel/sanctum (v4.2.2)
> Illuminate\Foundation\ComposerScripts::prePackageUninstall
  - Removing symfony/psr-http-message-bridge (v8.0.0)
> Illuminate\Foundation\ComposerScripts::prePackageUninstall
  - Removing psr/http-server-middleware (1.0.2)
> Illuminate\Foundation\ComposerScripts::prePackageUninstall
  - Removing psr/http-server-handler (1.0.2)
> Illuminate\Foundation\ComposerScripts::prePackageUninstall
  - Removing nyholm/psr7-server (1.1.0)
> Illuminate\Foundation\ComposerScripts::prePackageUninstall
  - Removing nyholm/psr7 (1.8.2)
> Illuminate\Foundation\ComposerScripts::prePackageUninstall
  - Removing mevdschee/php-crud-api (v2.14.30)
> Illuminate\Foundation\ComposerScripts::prePackageUninstall
  - Removing laminas/laminas-diactoros (3.8.0)
  - Installing laravel/sanctum (v4.2.2): Extracting archive
 0/1 [>---------------------------]   0%
 1/1 [============================] 100%
Generating optimized autoload files
> Illuminate\Foundation\ComposerScripts::postAutoloadDump
> @php artisan package:discover --ansi

   INFO  Discovering packages.  

  laravel/breeze ........................................................ DONE
  laravel/pail .......................................................... DONE
  laravel/sail .......................................................... DONE
  laravel/sanctum ....................................................... DONE
  laravel/tinker ........................................................ DONE
  nesbot/carbon ......................................................... DONE
  nunomaduro/collision .................................................. DONE
  nunomaduro/termwind ................................................... DONE

81 packages you are using are looking for funding.
Use the `composer fund` command to find out more!
> @php artisan vendor:publish --tag=laravel-assets --ansi --force

   INFO  No publishable resources for tag [laravel-assets].  

No security vulnerability advisories found.

   INFO  Published API routes file.  

 One new database migration has been published. Would you like to run all pending database migrations? (yes/no) [yes]:
 > no

   INFO  API scaffolding installed. Please add the [Laravel\Sanctum\HasApiTokens] trait to your User model.  


   INFO  Breeze scaffolding installed successfully.  

[alumno@vm1:~/Documentos/laravel/marcapersonalfp]$ git status
En la rama breezeAPI
Cambios no rastreados para el commit:
  (usa "git add/rm <archivo>..." para actualizar a lo que se le va a hacer commit)
  (usa "git restore <archivo>..." para descartar los cambios en el directorio de trabajo)
	modificado:     app/Http/Controllers/Auth/AuthenticatedSessionController.php
	modificado:     app/Http/Controllers/Auth/EmailVerificationNotificationController.php
	modificado:     app/Http/Controllers/Auth/NewPasswordController.php
	modificado:     app/Http/Controllers/Auth/PasswordResetLinkController.php
	modificado:     app/Http/Controllers/Auth/RegisteredUserController.php
	modificado:     app/Http/Controllers/Auth/VerifyEmailController.php
	modificado:     app/Http/Requests/Auth/LoginRequest.php
	modificado:     app/Providers/AppServiceProvider.php
	modificado:     bootstrap/app.php
	modificado:     composer.json
	modificado:     composer.lock
	borrado:        package-lock.json
	borrado:        package.json
	borrado:        postcss.config.js
	borrado:        resources/css/app.css
	borrado:        resources/js/app.js
	borrado:        resources/js/bootstrap.js
	borrado:        resources/views/welcome.blade.php
	modificado:     routes/auth.php
	modificado:     routes/web.php
	borrado:        tailwind.config.js
	modificado:     tests/Feature/Auth/AuthenticationTest.php
	modificado:     tests/Feature/Auth/EmailVerificationTest.php
	borrado:        tests/Feature/Auth/PasswordConfirmationTest.php
	modificado:     tests/Feature/Auth/PasswordResetTest.php
	modificado:     tests/Feature/Auth/RegistrationTest.php
	borrado:        vite.config.js

Archivos sin seguimiento:
  (usa "git add <archivo>..." para incluirlo a lo que se será confirmado)
	app/Http/Middleware/
	config/cors.php
	config/sanctum.php
	database/migrations/2026_01_12_074058_create_personal_access_tokens_table.php
	resources/views/.gitkeep
	routes/api.php

sin cambios agregados al commit (usa "git add" y/o "git commit -a")
[alumno@vm1:~/Documentos/laravel/marcapersonalfp]$ git restore resources/views/welcome.blade.php routes/web.php
[alumno@vm1:~/Documentos/laravel/marcapersonalfp]$ git add .
[alumno@vm1:~/Documentos/laravel/marcapersonalfp]$ git commit -m "Breeze API instalado"
[breezeAPI 36feaee] Breeze API instalado
 31 files changed, 353 insertions(+), 3750 deletions(-)
 create mode 100644 app/Http/Middleware/EnsureEmailIsVerified.php
 create mode 100644 config/cors.php
 create mode 100644 config/sanctum.php
 create mode 100644 database/migrations/2026_01_12_074058_create_personal_access_tokens_table.php
 delete mode 100644 package-lock.json
 delete mode 100644 package.json
 delete mode 100644 postcss.config.js
 delete mode 100644 resources/css/app.css
 delete mode 100644 resources/js/app.js
 delete mode 100644 resources/js/bootstrap.js
 create mode 100644 resources/views/.gitkeep
 create mode 100644 routes/api.php
 rewrite routes/auth.php (82%)
 delete mode 100644 tailwind.config.js
 delete mode 100644 tests/Feature/Auth/PasswordConfirmationTest.php
 delete mode 100644 vite.config.js
[alumno@vm1:~/Documentos/laravel/marcapersonalfp]$ git switch breezeAPI 
Ya en 'breezeAPI'
[alumno@vm1:~/Documentos/laravel/marcapersonalfp]$ git diff main routes/auth.php
diff --git a/routes/auth.php b/routes/auth.php
index 3926ecf..9cf5ffd 100644
--- a/routes/auth.php
+++ b/routes/auth.php
@@ -1,59 +1,37 @@
 <?php
 
 use App\Http\Controllers\Auth\AuthenticatedSessionController;
-use App\Http\Controllers\Auth\ConfirmablePasswordController;
 use App\Http\Controllers\Auth\EmailVerificationNotificationController;
-use App\Http\Controllers\Auth\EmailVerificationPromptController;
 use App\Http\Controllers\Auth\NewPasswordController;
-use App\Http\Controllers\Auth\PasswordController;
 use App\Http\Controllers\Auth\PasswordResetLinkController;
 use App\Http\Controllers\Auth\RegisteredUserController;
 use App\Http\Controllers\Auth\VerifyEmailController;
 use Illuminate\Support\Facades\Route;
 
-Route::middleware('guest')->group(function () {
-    Route::get('register', [RegisteredUserController::class, 'create'])
-        ->name('register');
+Route::post('/register', [RegisteredUserController::class, 'store'])
+    ->middleware('guest')
+    ->name('register');
 
-    Route::post('register', [RegisteredUserController::class, 'store']);
+Route::post('/login', [AuthenticatedSessionController::class, 'store'])
+    ->middleware('guest')
+    ->name('login');
 
-    Route::get('login', [AuthenticatedSessionController::class, 'create'])
-        ->name('login');
+Route::post('/forgot-password', [PasswordResetLinkController::class, 'store'])
+    ->middleware('guest')
+    ->name('password.email');
 
-    Route::post('login', [AuthenticatedSessionController::class, 'store']);
+Route::post('/reset-password', [NewPasswordController::class, 'store'])
+    ->middleware('guest')
+    ->name('password.store');
 
-    Route::get('forgot-password', [PasswordResetLinkController::class, 'create'])
-        ->name('password.request');
+Route::get('/verify-email/{id}/{hash}', VerifyEmailController::class)
+    ->middleware(['auth', 'signed', 'throttle:6,1'])
+    ->name('verification.verify');
 
-    Route::post('forgot-password', [PasswordResetLinkController::class, 'store'])
-        ->name('password.email');
+Route::post('/email/verification-notification', [EmailVerificationNotificationController::class, 'store'])
+    ->middleware(['auth', 'throttle:6,1'])
+    ->name('verification.send');
+Route::post('/reset-password', [NewPasswordController::class, 'store'])
+    ->middleware('guest')
+    ->name('password.store');
 
diff --git a/routes/auth.php b/routes/auth.php
index 3926ecf..9cf5ffd 100644
--- a/routes/auth.php
+++ b/routes/auth.php
@@ -1,59 +1,37 @@
 <?php
 
 use App\Http\Controllers\Auth\AuthenticatedSessionController;
-use App\Http\Controllers\Auth\ConfirmablePasswordController;
 use App\Http\Controllers\Auth\EmailVerificationNotificationController;
-use App\Http\Controllers\Auth\EmailVerificationPromptController;
 use App\Http\Controllers\Auth\NewPasswordController;
-use App\Http\Controllers\Auth\PasswordController;
 use App\Http\Controllers\Auth\PasswordResetLinkController;
 use App\Http\Controllers\Auth\RegisteredUserController;
 use App\Http\Controllers\Auth\VerifyEmailController;
 use Illuminate\Support\Facades\Route;
 
-Route::middleware('guest')->group(function () {
-    Route::get('register', [RegisteredUserController::class, 'create'])
-        ->name('register');
+Route::post('/register', [RegisteredUserController::class, 'store'])
+    ->middleware('guest')
+    ->name('register');
 
-    Route::post('register', [RegisteredUserController::class, 'store']);
+Route::post('/login', [AuthenticatedSessionController::class, 'store'])
+    ->middleware('guest')
+    ->name('login');
 
-    Route::get('login', [AuthenticatedSessionController::class, 'create'])
-        ->name('login');
+Route::post('/forgot-password', [PasswordResetLinkController::class, 'store'])
+    ->middleware('guest')
+    ->name('password.email');
 
-    Route::post('login', [AuthenticatedSessionController::class, 'store']);
+Route::post('/reset-password', [NewPasswordController::class, 'store'])
+    ->middleware('guest')
+    ->name('password.store');
 
-    Route::get('forgot-password', [PasswordResetLinkController::class, 'create'])
-        ->name('password.request');
+Route::get('/verify-email/{id}/{hash}', VerifyEmailController::class)
+    ->middleware(['auth', 'signed', 'throttle:6,1'])
+    ->name('verification.verify');
 
-    Route::post('forgot-password', [PasswordResetLinkController::class, 'store'])
-        ->name('password.email');
+Route::post('/email/verification-notification', [EmailVerificationNotificationController::class, 'store'])
+    ->middleware(['auth', 'throttle:6,1'])
+    ->name('verification.send');
 
-    Route::get('reset-password/{token}', [NewPasswordController::class, 'create'])
-        ->name('password.reset');
-
-    Route::post('reset-password', [NewPasswordController::class, 'store'])
-        ->name('password.store');
-});
-
-Route::middleware('auth')->group(function () {
-    Route::get('verify-email', EmailVerificationPromptController::class)
-        ->name('verification.notice');
-
-    Route::get('verify-email/{id}/{hash}', VerifyEmailController::class)
-        ->middleware(['signed', 'throttle:6,1'])
-        ->name('verification.verify');
-
-    Route::post('email/verification-notification', [EmailVerificationNotificationController::class, 'store'])
-        ->middleware('throttle:6,1')
-        ->name('verification.send');
-
-    Route::get('confirm-password', [ConfirmablePasswordController::class, 'show'])
-        ->name('password.confirm');
-
-    Route::post('confirm-password', [ConfirmablePasswordController::class, 'store']);
-
-    Route::put('password', [PasswordController::class, 'update'])->name('password.update');
-
-    Route::post('logout', [AuthenticatedSessionController::class, 'destroy'])
-        ->name('logout');
-});
+Route::post('/logout', [AuthenticatedSessionController::class, 'destroy'])
+    ->middleware('auth')
+    ->name('logout');
...skipping...
 
-    Route::get('reset-password/{token}', [NewPasswordController::class, 'create'])
-        ->name('password.reset');
-
-    Route::post('reset-password', [NewPasswordController::class, 'store'])
-        ->name('password.store');
-});
-
-Route::middleware('auth')->group(function () {
-    Route::get('verify-email', EmailVerificationPromptController::class)
-        ->name('verification.notice');
-
-    Route::get('verify-email/{id}/{hash}', VerifyEmailController::class)
-        ->middleware(['signed', 'throttle:6,1'])
-        ->name('verification.verify');
-
-    Route::post('email/verification-notification', [EmailVerificationNotificationController::class, 'store'])
-        ->middleware('throttle:6,1')
-        ->name('verification.send');
-
-    Route::get('confirm-password', [ConfirmablePasswordController::class, 'show'])
-        ->name('password.confirm');
-
-    Route::post('confirm-password', [ConfirmablePasswordController::class, 'store']);
-
-    Route::put('password', [PasswordController::class, 'update'])->name('password.update');
-
-    Route::post('logout', [AuthenticatedSessionController::class, 'destroy'])
-        ->name('logout');
-});
+Route::post('/logout', [AuthenticatedSessionController::class, 'destroy'])
+    ->middleware('auth')
+    ->name('logout');

[1]+  Detenido                git diff main routes/auth.php
[alumno@vm1:~/Documentos/laravel/marcapersonalfp]$ git reset --hard HEAD~1
HEAD está ahora en d00c9d4 Familias Profesionales y Ciclos formativos
[alumno@vm1:~/Documentos/laravel/marcapersonalfp]$ git status
En la rama breezeAPI
nada para hacer commit, el árbol de trabajo está limpio
[alumno@vm1:~/Documentos/laravel/marcapersonalfp]$ php artisan breeze:install api
./composer.json has been updated
Running composer update laravel/sanctum
Loading composer repositories with package information
Updating dependencies
Lock file operations: 1 install, 0 updates, 0 removals
  - Locking laravel/sanctum (v4.2.2)
Writing lock file
Installing dependencies from lock file (including require-dev)
Nothing to install, update or remove
Generating optimized autoload files
> Illuminate\Foundation\ComposerScripts::postAutoloadDump
> @php artisan package:discover --ansi

   INFO  Discovering packages.  

  laravel/breeze ........................................................ DONE
  laravel/pail .......................................................... DONE
  laravel/sail .......................................................... DONE
  laravel/sanctum ....................................................... DONE
  laravel/tinker ........................................................ DONE
  nesbot/carbon ......................................................... DONE
  nunomaduro/collision .................................................. DONE
  nunomaduro/termwind ................................................... DONE

81 packages you are using are looking for funding.
Use the `composer fund` command to find out more!
> @php artisan vendor:publish --tag=laravel-assets --ansi --force

   INFO  No publishable resources for tag [laravel-assets].  

No security vulnerability advisories found.

   INFO  Published API routes file.  

 One new database migration has been published. Would you like to run all pending database migrations? (yes/no) [yes]:
 > no

   INFO  API scaffolding installed. Please add the [Laravel\Sanctum\HasApiTokens] trait to your User model.  


   INFO  Breeze scaffolding installed successfully.  

[alumno@vm1:~/Documentos/laravel/marcapersonalfp]$ git status
En la rama breezeAPI
Cambios no rastreados para el commit:
  (usa "git add/rm <archivo>..." para actualizar a lo que se le va a hacer commit)
  (usa "git restore <archivo>..." para descartar los cambios en el directorio de trabajo)
	modificado:     app/Http/Controllers/Auth/AuthenticatedSessionController.php
	modificado:     app/Http/Controllers/Auth/EmailVerificationNotificationController.php
	modificado:     app/Http/Controllers/Auth/NewPasswordController.php
	modificado:     app/Http/Controllers/Auth/PasswordResetLinkController.php
	modificado:     app/Http/Controllers/Auth/RegisteredUserController.php
	modificado:     app/Http/Controllers/Auth/VerifyEmailController.php
	modificado:     app/Http/Requests/Auth/LoginRequest.php
	modificado:     app/Providers/AppServiceProvider.php
	modificado:     bootstrap/app.php
	modificado:     composer.json
	modificado:     composer.lock
	borrado:        package-lock.json
	borrado:        package.json
	borrado:        postcss.config.js
	borrado:        resources/css/app.css
	borrado:        resources/js/app.js
	borrado:        resources/js/bootstrap.js
	borrado:        resources/views/welcome.blade.php
	modificado:     routes/auth.php
	modificado:     routes/web.php
	borrado:        tailwind.config.js
	modificado:     tests/Feature/Auth/AuthenticationTest.php
	modificado:     tests/Feature/Auth/EmailVerificationTest.php
	borrado:        tests/Feature/Auth/PasswordConfirmationTest.php
	modificado:     tests/Feature/Auth/PasswordResetTest.php
	modificado:     tests/Feature/Auth/RegistrationTest.php
	borrado:        vite.config.js

Archivos sin seguimiento:
  (usa "git add <archivo>..." para incluirlo a lo que se será confirmado)
	app/Http/Middleware/
	config/cors.php
	config/sanctum.php
	database/migrations/2026_01_12_080759_create_personal_access_tokens_table.php
	resources/views/.gitkeep
	routes/api.php

sin cambios agregados al commit (usa "git add" y/o "git commit -a")
[alumno@vm1:~/Documentos/laravel/marcapersonalfp]$ git restore app/Http/Controllers/ app/Http/Requests/
[alumno@vm1:~/Documentos/laravel/marcapersonalfp]$ git status
En la rama breezeAPI
Cambios no rastreados para el commit:
  (usa "git add/rm <archivo>..." para actualizar a lo que se le va a hacer commit)
  (usa "git restore <archivo>..." para descartar los cambios en el directorio de trabajo)
	modificado:     app/Providers/AppServiceProvider.php
	modificado:     bootstrap/app.php
	modificado:     composer.json
	modificado:     composer.lock
	borrado:        package-lock.json
	borrado:        package.json
	borrado:        postcss.config.js
	borrado:        resources/css/app.css
	borrado:        resources/js/app.js
	borrado:        resources/js/bootstrap.js
	borrado:        resources/views/welcome.blade.php
	modificado:     routes/auth.php
	modificado:     routes/web.php
	borrado:        tailwind.config.js
	modificado:     tests/Feature/Auth/AuthenticationTest.php
	modificado:     tests/Feature/Auth/EmailVerificationTest.php
	borrado:        tests/Feature/Auth/PasswordConfirmationTest.php
	modificado:     tests/Feature/Auth/PasswordResetTest.php
	modificado:     tests/Feature/Auth/RegistrationTest.php
	borrado:        vite.config.js

Archivos sin seguimiento:
  (usa "git add <archivo>..." para incluirlo a lo que se será confirmado)
	app/Http/Middleware/
	config/cors.php
	config/sanctum.php
	database/migrations/2026_01_12_080759_create_personal_access_tokens_table.php
	resources/views/.gitkeep
	routes/api.php

sin cambios agregados al commit (usa "git add" y/o "git commit -a")
[alumno@vm1:~/Documentos/laravel/marcapersonalfp]$ git restore resources/ routes/
[alumno@vm1:~/Documentos/laravel/marcapersonalfp]$ git restore package*
[alumno@vm1:~/Documentos/laravel/marcapersonalfp]$ more package.json
{
    "$schema": "https://json.schemastore.org/package.json",
    "private": true,
    "type": "module",
    "scripts": {
        "build": "vite build",
        "dev": "vite"
    },
    "devDependencies": {
        "@tailwindcss/forms": "^0.5.2",
        "@tailwindcss/vite": "^4.0.0",
        "alpinejs": "^3.4.2",
        "autoprefixer": "^10.4.2",
        "axios": "^1.11.0",
        "concurrently": "^9.0.1",
        "laravel-vite-plugin": "^2.0.0",
        "postcss": "^8.4.31",
        "tailwindcss": "^3.1.0",
        "vite": "^7.0.7"
    }
}
[alumno@vm1:~/Documentos/laravel/marcapersonalfp]$ git restore *.js
[alumno@vm1:~/Documentos/laravel/marcapersonalfp]$ git status
En la rama breezeAPI
Cambios no rastreados para el commit:
  (usa "git add/rm <archivo>..." para actualizar a lo que se le va a hacer commit)
  (usa "git restore <archivo>..." para descartar los cambios en el directorio de trabajo)
	modificado:     app/Providers/AppServiceProvider.php
	modificado:     bootstrap/app.php
	modificado:     composer.json
	modificado:     composer.lock
	modificado:     tests/Feature/Auth/AuthenticationTest.php
	modificado:     tests/Feature/Auth/EmailVerificationTest.php
	borrado:        tests/Feature/Auth/PasswordConfirmationTest.php
	modificado:     tests/Feature/Auth/PasswordResetTest.php
	modificado:     tests/Feature/Auth/RegistrationTest.php

Archivos sin seguimiento:
  (usa "git add <archivo>..." para incluirlo a lo que se será confirmado)
	app/Http/Middleware/
	config/cors.php
	config/sanctum.php
	database/migrations/2026_01_12_080759_create_personal_access_tokens_table.php
	resources/views/.gitkeep
	routes/api.php

sin cambios agregados al commit (usa "git add" y/o "git commit -a")
[alumno@vm1:~/Documentos/laravel/marcapersonalfp]$ git add app/Http/Middleware/ config/ database/ resources/ routes/
[alumno@vm1:~/Documentos/laravel/marcapersonalfp]$ git status
En la rama breezeAPI
Cambios a ser confirmados:
  (usa "git restore --staged <archivo>..." para sacar del área de stage)
	nuevo archivo:  app/Http/Middleware/EnsureEmailIsVerified.php
	nuevo archivo:  config/cors.php
	nuevo archivo:  config/sanctum.php
	nuevo archivo:  database/migrations/2026_01_12_080759_create_personal_access_tokens_table.php
	nuevo archivo:  resources/views/.gitkeep
	nuevo archivo:  routes/api.php

Cambios no rastreados para el commit:
  (usa "git add/rm <archivo>..." para actualizar a lo que se le va a hacer commit)
  (usa "git restore <archivo>..." para descartar los cambios en el directorio de trabajo)
	modificado:     app/Providers/AppServiceProvider.php
	modificado:     bootstrap/app.php
	modificado:     composer.json
	modificado:     composer.lock
	modificado:     tests/Feature/Auth/AuthenticationTest.php
	modificado:     tests/Feature/Auth/EmailVerificationTest.php
	borrado:        tests/Feature/Auth/PasswordConfirmationTest.php
	modificado:     tests/Feature/Auth/PasswordResetTest.php
	modificado:     tests/Feature/Auth/RegistrationTest.php

[alumno@vm1:~/Documentos/laravel/marcapersonalfp]$ git status
En la rama breezeAPI
Cambios a ser confirmados:
  (usa "git restore --staged <archivo>..." para sacar del área de stage)
	nuevo archivo:  app/Http/Middleware/EnsureEmailIsVerified.php
	nuevo archivo:  config/cors.php
	nuevo archivo:  config/sanctum.php
	nuevo archivo:  database/migrations/2026_01_12_080759_create_personal_access_tokens_table.php
	nuevo archivo:  resources/views/.gitkeep
	nuevo archivo:  routes/api.php

Cambios no rastreados para el commit:
  (usa "git add/rm <archivo>..." para actualizar a lo que se le va a hacer commit)
  (usa "git restore <archivo>..." para descartar los cambios en el directorio de trabajo)
	modificado:     app/Providers/AppServiceProvider.php
	modificado:     bootstrap/app.php
	modificado:     composer.json
	modificado:     composer.lock
	modificado:     tests/Feature/Auth/AuthenticationTest.php
	modificado:     tests/Feature/Auth/EmailVerificationTest.php
	borrado:        tests/Feature/Auth/PasswordConfirmationTest.php
	modificado:     tests/Feature/Auth/PasswordResetTest.php
	modificado:     tests/Feature/Auth/RegistrationTest.php

[alumno@vm1:~/Documentos/laravel/marcapersonalfp]$ php artisan migrate

   INFO  Running migrations.  

  2026_01_12_080759_create_personal_access_tokens_table ............................................................. 55.59ms DONE

[alumno@vm1:~/Documentos/laravel/marcapersonalfp]$ git add .
[alumno@vm1:~/Documentos/laravel/marcapersonalfp]$ git commit -m "Breeze API instalado con mantenimiento de la gestión de usuarios"
[breezeAPI 4ea0d5b] Breeze API instalado con mantenimiento de la gestión de usuarios
 15 files changed, 273 insertions(+), 101 deletions(-)
 create mode 100644 app/Http/Middleware/EnsureEmailIsVerified.php
 create mode 100644 config/cors.php
 create mode 100644 config/sanctum.php
 create mode 100644 database/migrations/2026_01_12_080759_create_personal_access_tokens_table.php
 create mode 100644 resources/views/.gitkeep
 create mode 100644 routes/api.php
 delete mode 100644 tests/Feature/Auth/PasswordConfirmationTest.php
[alumno@vm1:~/Documentos/laravel/marcapersonalfp]$ git log
